
In SA-shellcheck-001 line 198:
if $(ssh "${REMOTE_HOST}" 'exit' >/dev/null 2>&1 ) ; then
   ^-- SC2091: Remove surrounding $() to avoid executing output.


In SA-shellcheck-001 line 199:
  ssh -t "${REMOTE_HOST}" " cd ~${TLS_USER} " || { new_message "${LINENO}" "ERROR" "  ${TLS_USER} user does not have home directory on ${REMOTE_HOST}"  ; exit 1; }
                                ^-- SC2029: Note that, unescaped, this expands on the client side.


In SA-shellcheck-001 line 208:
  cd "${TLS_USER}/.docker"
  ^-- SC2103: Consider using ( subshell ), 'cd foo||exit', or pushd/popd instead.


In SA-shellcheck-001 line 218:
    ssh -t "${REMOTE_HOST}" " cd ~${TLS_USER} ; tar -xf /tmp/${TLS_USER}-${REMOTE_HOST}-${FILE_DATE_STAMP}.tar ; rm /tmp/${TLS_USER}-${REMOTE_HOST}-${FILE_DATE_STAMP}.tar ; chown -R ${TLS_USER}.${TLS_USER} .docker "
                                  ^-- SC2029: Note that, unescaped, this expands on the client side.


In SA-shellcheck-001 line 221:
    ssh -t "${REMOTE_HOST}" "cd ~${TLS_USER}/.. ; sudo tar -pxf /tmp/${TLS_USER}-${REMOTE_HOST}-${FILE_DATE_STAMP}.tar -C ${TLS_USER} ; sudo rm /tmp/${TLS_USER}-${REMOTE_HOST}-${FILE_DATE_STAMP}.tar ; sudo chown -R ${TLS_USER}.${TLS_USER} ${TLS_USER}/.docker "
                                 ^-- SC2029: Note that, unescaped, this expands on the client side.

