ssh/check-user-ssh.sh 3.405.874
#	ssh/TEST/check-user-ssh.sh/FVT-option-version-001.expected  3.415.886  2019-07-27T23:40:47.198103-05:00 (CDT)  https://github.com/BradleyA/docker-security-infrastructure  uadmin  six-rpi3b.cptx86.com 3.414  
#	   testing .git/hooks/pre- post- commit and FVT-option-help- test cases 
#	ssh/TEST/check-user-ssh.sh/FVT-option-version-002.expected  3.414.885  2019-07-27T23:34:55.411694-05:00 (CDT)  https://github.com/BradleyA/docker-security-infrastructure  uadmin  six-rpi3b.cptx86.com 3.413  #
#	   testing .git/hooks/pre- post- commit and FVT-option-help- test cases #
