ssh/check-user-ssh.sh 3.423.895
#	ssh/TEST/check-user-ssh.sh/FVT-option-version-001.expected  3.424.896  2019-07-28T11:03:10.169928-05:00 (CDT)  https://github.com/BradleyA/docker-security-infrastructure  uadmin  six-rpi3b.cptx86.com 3.423  
#	   testing ssh/TEST/check-user-ssh.sh/FVT-option-version-001 
